The target system is: Windows -  - 
The host system is: Linux - 6.12.29-aug1 - x86_64
Compiling the CXX compiler identification source file "CMakeCXXCompilerId.cpp" succeeded.
Compiler: /usr/bin/i686-w64-mingw32-g++ 
Build flags: 
Id flags:  

The output was:
0


Compilation of the CXX compiler identification source "CMakeCXXCompilerId.cpp" produced "a.exe"

The CXX compiler identification is GNU, found in "/mnt/persist/workspace/build-windows/CMakeFiles/3.22.1/CompilerIdCXX/a.exe"

Detecting CXX compiler ABI info compiled with the following output:
Change Dir: /mnt/persist/workspace/build-windows/CMakeFiles/CMakeTmp

Run Build Command(s):/usr/bin/gmake -f Makefile cmTC_3cd45/fast && /usr/bin/gmake  -f CMakeFiles/cmTC_3cd45.dir/build.make CMakeFiles/cmTC_3cd45.dir/build
gmake[1]: Entering directory '/mnt/persist/workspace/build-windows/CMakeFiles/CMakeTmp'
Building CXX object CMakeFiles/cmTC_3cd45.dir/CMakeCXXCompilerABI.cpp.obj
/usr/bin/i686-w64-mingw32-g++   -v -o CMakeFiles/cmTC_3cd45.dir/CMakeCXXCompilerABI.cpp.obj -c /usr/share/cmake-3.22/Modules/CMakeCXXCompilerABI.cpp
Using built-in specs.
COLLECT_GCC=/usr/bin/i686-w64-mingw32-g++
Target: i686-w64-mingw32
Configured with: ../../src/configure --build=x86_64-linux-gnu --prefix=/usr --includedir='/usr/include' --mandir='/usr/share/man' --infodir='/usr/share/info' --sysconfdir=/etc --localstatedir=/var --disable-option-checking --disable-silent-rules --libdir='/usr/lib/x86_64-linux-gnu' --libexecdir='/usr/lib/x86_64-linux-gnu' --disable-maintainer-mode --disable-dependency-tracking --prefix=/usr --enable-shared --enable-static --disable-multilib --with-system-zlib --libexecdir=/usr/lib --without-included-gettext --libdir=/usr/lib --enable-libstdcxx-time=yes --with-tune=generic --with-headers --enable-version-specific-runtime-libs --enable-fully-dynamic-string --enable-libgomp --enable-languages=c,c++,fortran,objc,obj-c++,ada --enable-lto --enable-threads=posix --program-suffix=-posix --program-prefix=i686-w64-mingw32- --target=i686-w64-mingw32 --with-as=/usr/bin/i686-w64-mingw32-as --with-ld=/usr/bin/i686-w64-mingw32-ld --enable-libatomic --enable-libstdcxx-filesystem-ts=yes --enable-dependency-tracking SED=/bin/sed --disable-sjlj-exceptions --with-dwarf2
Thread model: posix
Supported LTO compression algorithms: zlib
gcc version 10-posix 20220113 (GCC) 
COLLECT_GCC_OPTIONS='-v' '-o' 'CMakeFiles/cmTC_3cd45.dir/CMakeCXXCompilerABI.cpp.obj' '-c' '-shared-libgcc' '-mtune=generic' '-march=pentiumpro'
 /usr/lib/gcc/i686-w64-mingw32/10-posix/cc1plus -quiet -v -D_REENTRANT /usr/share/cmake-3.22/Modules/CMakeCXXCompilerABI.cpp -quiet -dumpbase CMakeCXXCompilerABI.cpp -mtune=generic -march=pentiumpro -auxbase-strip CMakeFiles/cmTC_3cd45.dir/CMakeCXXCompilerABI.cpp.obj -version -o /tmp/ccc7tAac.s
GNU C++14 (GCC) version 10-posix 20220113 (i686-w64-mingw32)
	compiled by GNU C version 10.3.0, GMP version 6.2.1, MPFR version 4.1.0, MPC version 1.2.1, isl version isl-0.24-GMP

GGC heuristics: --param ggc-min-expand=100 --param ggc-min-heapsize=131072
ignoring nonexistent directory "/usr/lib/gcc/i686-w64-mingw32/10-posix/../../../../i686-w64-mingw32/sys-include"
#include "..." search starts here:
#include <...> search starts here:
 /usr/lib/gcc/i686-w64-mingw32/10-posix/include/c++
 /usr/lib/gcc/i686-w64-mingw32/10-posix/include/c++/i686-w64-mingw32
 /usr/lib/gcc/i686-w64-mingw32/10-posix/include/c++/backward
 /usr/lib/gcc/i686-w64-mingw32/10-posix/include
 /usr/lib/gcc/i686-w64-mingw32/10-posix/include-fixed
 /usr/lib/gcc/i686-w64-mingw32/10-posix/../../../../i686-w64-mingw32/include
End of search list.
GNU C++14 (GCC) version 10-posix 20220113 (i686-w64-mingw32)
	compiled by GNU C version 10.3.0, GMP version 6.2.1, MPFR version 4.1.0, MPC version 1.2.1, isl version isl-0.24-GMP

GGC heuristics: --param ggc-min-expand=100 --param ggc-min-heapsize=131072
Compiler executable checksum: 91ddcb08215f39295889017431f2096a
COLLECT_GCC_OPTIONS='-v' '-o' 'CMakeFiles/cmTC_3cd45.dir/CMakeCXXCompilerABI.cpp.obj' '-c' '-shared-libgcc' '-mtune=generic' '-march=pentiumpro'
 /usr/bin/i686-w64-mingw32-as -v -o CMakeFiles/cmTC_3cd45.dir/CMakeCXXCompilerABI.cpp.obj /tmp/ccc7tAac.s
GNU assembler version 2.38 (i686-w64-mingw32) using BFD version (GNU Binutils) 2.38
COMPILER_PATH=/usr/lib/gcc/i686-w64-mingw32/10-posix/:/usr/lib/gcc/i686-w64-mingw32/10-posix/:/usr/lib/gcc/i686-w64-mingw32/:/usr/lib/gcc/i686-w64-mingw32/10-posix/:/usr/lib/gcc/i686-w64-mingw32/:/usr/lib/gcc/i686-w64-mingw32/10-posix/../../../../i686-w64-mingw32/bin/
LIBRARY_PATH=/usr/lib/gcc/i686-w64-mingw32/10-posix/:/usr/lib/gcc/i686-w64-mingw32/10-posix/../../../../i686-w64-mingw32/lib/../lib/:/usr/lib/gcc/i686-w64-mingw32/10-posix/../../../../i686-w64-mingw32/lib/
COLLECT_GCC_OPTIONS='-v' '-o' 'CMakeFiles/cmTC_3cd45.dir/CMakeCXXCompilerABI.cpp.obj' '-c' '-shared-libgcc' '-mtune=generic' '-march=pentiumpro'
Linking CXX executable cmTC_3cd45.exe
/usr/bin/cmake -E cmake_link_script CMakeFiles/cmTC_3cd45.dir/link.txt --verbose=1
/usr/bin/cmake -E rm -f CMakeFiles/cmTC_3cd45.dir/objects.a
/usr/bin/i686-w64-mingw32-ar qc CMakeFiles/cmTC_3cd45.dir/objects.a @CMakeFiles/cmTC_3cd45.dir/objects1.rsp
/usr/bin/i686-w64-mingw32-g++ -static-libgcc -static-libstdc++ -L/mnt/persist/deps/win32-dev/gtk_2_0-2.14/lib -L/mnt/persist/deps/pidgin-2.13.0-win32bin -v -Wl,--whole-archive CMakeFiles/cmTC_3cd45.dir/objects.a -Wl,--no-whole-archive -o cmTC_3cd45.exe -Wl,--out-implib,libcmTC_3cd45.dll.a -Wl,--major-image-version,0,--minor-image-version,0 
Using built-in specs.
COLLECT_GCC=/usr/bin/i686-w64-mingw32-g++
COLLECT_LTO_WRAPPER=/usr/lib/gcc/i686-w64-mingw32/10-posix/lto-wrapper
Target: i686-w64-mingw32
Configured with: ../../src/configure --build=x86_64-linux-gnu --prefix=/usr --includedir='/usr/include' --mandir='/usr/share/man' --infodir='/usr/share/info' --sysconfdir=/etc --localstatedir=/var --disable-option-checking --disable-silent-rules --libdir='/usr/lib/x86_64-linux-gnu' --libexecdir='/usr/lib/x86_64-linux-gnu' --disable-maintainer-mode --disable-dependency-tracking --prefix=/usr --enable-shared --enable-static --disable-multilib --with-system-zlib --libexecdir=/usr/lib --without-included-gettext --libdir=/usr/lib --enable-libstdcxx-time=yes --with-tune=generic --with-headers --enable-version-specific-runtime-libs --enable-fully-dynamic-string --enable-libgomp --enable-languages=c,c++,fortran,objc,obj-c++,ada --enable-lto --enable-threads=posix --program-suffix=-posix --program-prefix=i686-w64-mingw32- --target=i686-w64-mingw32 --with-as=/usr/bin/i686-w64-mingw32-as --with-ld=/usr/bin/i686-w64-mingw32-ld --enable-libatomic --enable-libstdcxx-filesystem-ts=yes --enable-dependency-tracking SED=/bin/sed --disable-sjlj-exceptions --with-dwarf2
Thread model: posix
Supported LTO compression algorithms: zlib
gcc version 10-posix 20220113 (GCC) 
COMPILER_PATH=/usr/lib/gcc/i686-w64-mingw32/10-posix/:/usr/lib/gcc/i686-w64-mingw32/10-posix/:/usr/lib/gcc/i686-w64-mingw32/:/usr/lib/gcc/i686-w64-mingw32/10-posix/:/usr/lib/gcc/i686-w64-mingw32/:/usr/lib/gcc/i686-w64-mingw32/10-posix/../../../../i686-w64-mingw32/bin/
LIBRARY_PATH=/usr/lib/gcc/i686-w64-mingw32/10-posix/:/usr/lib/gcc/i686-w64-mingw32/10-posix/../../../../i686-w64-mingw32/lib/../lib/:/usr/lib/gcc/i686-w64-mingw32/10-posix/../../../../i686-w64-mingw32/lib/
COLLECT_GCC_OPTIONS='-static-libgcc' '-L/mnt/persist/deps/win32-dev/gtk_2_0-2.14/lib' '-L/mnt/persist/deps/pidgin-2.13.0-win32bin' '-v' '-o' 'cmTC_3cd45.exe' '-mtune=generic' '-march=pentiumpro'
 /usr/lib/gcc/i686-w64-mingw32/10-posix/collect2 -plugin /usr/lib/gcc/i686-w64-mingw32/10-posix/liblto_plugin.so -plugin-opt=/usr/lib/gcc/i686-w64-mingw32/10-posix/lto-wrapper -plugin-opt=-fresolution=/tmp/ccvIad4i.res -plugin-opt=-pass-through=-lmingw32 -plugin-opt=-pass-through=-lgcc -plugin-opt=-pass-through=-lgcc_eh -plugin-opt=-pass-through=-lmoldname -plugin-opt=-pass-through=-lmingwex -plugin-opt=-pass-through=-lmsvcrt -plugin-opt=-pass-through=-lpthread -plugin-opt=-pass-through=-ladvapi32 -plugin-opt=-pass-through=-lshell32 -plugin-opt=-pass-through=-luser32 -plugin-opt=-pass-through=-lkernel32 -plugin-opt=-pass-through=-lmingw32 -plugin-opt=-pass-through=-lgcc -plugin-opt=-pass-through=-lgcc_eh -plugin-opt=-pass-through=-lmoldname -plugin-opt=-pass-through=-lmingwex -plugin-opt=-pass-through=-lmsvcrt -m i386pe -Bdynamic -o cmTC_3cd45.exe /usr/lib/gcc/i686-w64-mingw32/10-posix/../../../../i686-w64-mingw32/lib/../lib/crt2.o /usr/lib/gcc/i686-w64-mingw32/10-posix/crtbegin.o -L/mnt/persist/deps/win32-dev/gtk_2_0-2.14/lib -L/mnt/persist/deps/pidgin-2.13.0-win32bin -L/usr/lib/gcc/i686-w64-mingw32/10-posix -L/usr/lib/gcc/i686-w64-mingw32/10-posix/../../../../i686-w64-mingw32/lib/../lib -L/usr/lib/gcc/i686-w64-mingw32/10-posix/../../../../i686-w64-mingw32/lib --whole-archive CMakeFiles/cmTC_3cd45.dir/objects.a --no-whole-archive --out-implib libcmTC_3cd45.dll.a --major-image-version 0 --minor-image-version 0 -Bstatic -lstdc++ -Bdynamic -lmingw32 -lgcc -lgcc_eh -lmoldname -lmingwex -lmsvcrt -lpthread -ladvapi32 -lshell32 -luser32 -lkernel32 -lmingw32 -lgcc -lgcc_eh -lmoldname -lmingwex -lmsvcrt /usr/lib/gcc/i686-w64-mingw32/10-posix/crtend.o
COLLECT_GCC_OPTIONS='-static-libgcc' '-L/mnt/persist/deps/win32-dev/gtk_2_0-2.14/lib' '-L/mnt/persist/deps/pidgin-2.13.0-win32bin' '-v' '-o' 'cmTC_3cd45.exe' '-mtune=generic' '-march=pentiumpro'
gmake[1]: Leaving directory '/mnt/persist/workspace/build-windows/CMakeFiles/CMakeTmp'



Parsed CXX implicit include dir info from above output: rv=done
  found start of include info
  found start of implicit include info
    add: [/usr/lib/gcc/i686-w64-mingw32/10-posix/include/c++]
    add: [/usr/lib/gcc/i686-w64-mingw32/10-posix/include/c++/i686-w64-mingw32]
    add: [/usr/lib/gcc/i686-w64-mingw32/10-posix/include/c++/backward]
    add: [/usr/lib/gcc/i686-w64-mingw32/10-posix/include]
    add: [/usr/lib/gcc/i686-w64-mingw32/10-posix/include-fixed]
    add: [/usr/lib/gcc/i686-w64-mingw32/10-posix/../../../../i686-w64-mingw32/include]
  end of search list found
  collapse include dir [/usr/lib/gcc/i686-w64-mingw32/10-posix/include/c++] ==> [/usr/lib/gcc/i686-w64-mingw32/10-posix/include/c++]
  collapse include dir [/usr/lib/gcc/i686-w64-mingw32/10-posix/include/c++/i686-w64-mingw32] ==> [/usr/lib/gcc/i686-w64-mingw32/10-posix/include/c++/i686-w64-mingw32]
  collapse include dir [/usr/lib/gcc/i686-w64-mingw32/10-posix/include/c++/backward] ==> [/usr/lib/gcc/i686-w64-mingw32/10-posix/include/c++/backward]
  collapse include dir [/usr/lib/gcc/i686-w64-mingw32/10-posix/include] ==> [/usr/lib/gcc/i686-w64-mingw32/10-posix/include]
  collapse include dir [/usr/lib/gcc/i686-w64-mingw32/10-posix/include-fixed] ==> [/usr/lib/gcc/i686-w64-mingw32/10-posix/include-fixed]
  collapse include dir [/usr/lib/gcc/i686-w64-mingw32/10-posix/../../../../i686-w64-mingw32/include] ==> [/usr/i686-w64-mingw32/include]
  implicit include dirs: [/usr/lib/gcc/i686-w64-mingw32/10-posix/include/c++;/usr/lib/gcc/i686-w64-mingw32/10-posix/include/c++/i686-w64-mingw32;/usr/lib/gcc/i686-w64-mingw32/10-posix/include/c++/backward;/usr/lib/gcc/i686-w64-mingw32/10-posix/include;/usr/lib/gcc/i686-w64-mingw32/10-posix/include-fixed;/usr/i686-w64-mingw32/include]


Parsed CXX implicit link information from above output:
  link line regex: [^( *|.*[/\])(i686-w64-mingw32-ld|CMAKE_LINK_STARTFILE-NOTFOUND|([^/\]+-)?ld|collect2)[^/\]*( |$)]
  ignore line: [Change Dir: /mnt/persist/workspace/build-windows/CMakeFiles/CMakeTmp]
  ignore line: []
  ignore line: [Run Build Command(s):/usr/bin/gmake -f Makefile cmTC_3cd45/fast && /usr/bin/gmake  -f CMakeFiles/cmTC_3cd45.dir/build.make CMakeFiles/cmTC_3cd45.dir/build]
  ignore line: [gmake[1]: Entering directory '/mnt/persist/workspace/build-windows/CMakeFiles/CMakeTmp']
  ignore line: [Building CXX object CMakeFiles/cmTC_3cd45.dir/CMakeCXXCompilerABI.cpp.obj]
  ignore line: [/usr/bin/i686-w64-mingw32-g++   -v -o CMakeFiles/cmTC_3cd45.dir/CMakeCXXCompilerABI.cpp.obj -c /usr/share/cmake-3.22/Modules/CMakeCXXCompilerABI.cpp]
  ignore line: [Using built-in specs.]
  ignore line: [COLLECT_GCC=/usr/bin/i686-w64-mingw32-g++]
  ignore line: [Target: i686-w64-mingw32]
  ignore line: [Configured with: ../../src/configure --build=x86_64-linux-gnu --prefix=/usr --includedir='/usr/include' --mandir='/usr/share/man' --infodir='/usr/share/info' --sysconfdir=/etc --localstatedir=/var --disable-option-checking --disable-silent-rules --libdir='/usr/lib/x86_64-linux-gnu' --libexecdir='/usr/lib/x86_64-linux-gnu' --disable-maintainer-mode --disable-dependency-tracking --prefix=/usr --enable-shared --enable-static --disable-multilib --with-system-zlib --libexecdir=/usr/lib --without-included-gettext --libdir=/usr/lib --enable-libstdcxx-time=yes --with-tune=generic --with-headers --enable-version-specific-runtime-libs --enable-fully-dynamic-string --enable-libgomp --enable-languages=c,c++,fortran,objc,obj-c++,ada --enable-lto --enable-threads=posix --program-suffix=-posix --program-prefix=i686-w64-mingw32- --target=i686-w64-mingw32 --with-as=/usr/bin/i686-w64-mingw32-as --with-ld=/usr/bin/i686-w64-mingw32-ld --enable-libatomic --enable-libstdcxx-filesystem-ts=yes --enable-dependency-tracking SED=/bin/sed --disable-sjlj-exceptions --with-dwarf2]
  ignore line: [Thread model: posix]
  ignore line: [Supported LTO compression algorithms: zlib]
  ignore line: [gcc version 10-posix 20220113 (GCC) ]
  ignore line: [COLLECT_GCC_OPTIONS='-v' '-o' 'CMakeFiles/cmTC_3cd45.dir/CMakeCXXCompilerABI.cpp.obj' '-c' '-shared-libgcc' '-mtune=generic' '-march=pentiumpro']
  ignore line: [ /usr/lib/gcc/i686-w64-mingw32/10-posix/cc1plus -quiet -v -D_REENTRANT /usr/share/cmake-3.22/Modules/CMakeCXXCompilerABI.cpp -quiet -dumpbase CMakeCXXCompilerABI.cpp -mtune=generic -march=pentiumpro -auxbase-strip CMakeFiles/cmTC_3cd45.dir/CMakeCXXCompilerABI.cpp.obj -version -o /tmp/ccc7tAac.s]
  ignore line: [GNU C++14 (GCC) version 10-posix 20220113 (i686-w64-mingw32)]
  ignore line: [	compiled by GNU C version 10.3.0  GMP version 6.2.1  MPFR version 4.1.0  MPC version 1.2.1  isl version isl-0.24-GMP]
  ignore line: []
  ignore line: [GGC heuristics: --param ggc-min-expand=100 --param ggc-min-heapsize=131072]
  ignore line: [ignoring nonexistent directory "/usr/lib/gcc/i686-w64-mingw32/10-posix/../../../../i686-w64-mingw32/sys-include"]
  ignore line: [#include "..." search starts here:]
  ignore line: [#include <...> search starts here:]
  ignore line: [ /usr/lib/gcc/i686-w64-mingw32/10-posix/include/c++]
  ignore line: [ /usr/lib/gcc/i686-w64-mingw32/10-posix/include/c++/i686-w64-mingw32]
  ignore line: [ /usr/lib/gcc/i686-w64-mingw32/10-posix/include/c++/backward]
  ignore line: [ /usr/lib/gcc/i686-w64-mingw32/10-posix/include]
  ignore line: [ /usr/lib/gcc/i686-w64-mingw32/10-posix/include-fixed]
  ignore line: [ /usr/lib/gcc/i686-w64-mingw32/10-posix/../../../../i686-w64-mingw32/include]
  ignore line: [End of search list.]
  ignore line: [GNU C++14 (GCC) version 10-posix 20220113 (i686-w64-mingw32)]
  ignore line: [	compiled by GNU C version 10.3.0  GMP version 6.2.1  MPFR version 4.1.0  MPC version 1.2.1  isl version isl-0.24-GMP]
  ignore line: []
  ignore line: [GGC heuristics: --param ggc-min-expand=100 --param ggc-min-heapsize=131072]
  ignore line: [Compiler executable checksum: 91ddcb08215f39295889017431f2096a]
  ignore line: [COLLECT_GCC_OPTIONS='-v' '-o' 'CMakeFiles/cmTC_3cd45.dir/CMakeCXXCompilerABI.cpp.obj' '-c' '-shared-libgcc' '-mtune=generic' '-march=pentiumpro']
  ignore line: [ /usr/bin/i686-w64-mingw32-as -v -o CMakeFiles/cmTC_3cd45.dir/CMakeCXXCompilerABI.cpp.obj /tmp/ccc7tAac.s]
  ignore line: [GNU assembler version 2.38 (i686-w64-mingw32) using BFD version (GNU Binutils) 2.38]
  ignore line: [COMPILER_PATH=/usr/lib/gcc/i686-w64-mingw32/10-posix/:/usr/lib/gcc/i686-w64-mingw32/10-posix/:/usr/lib/gcc/i686-w64-mingw32/:/usr/lib/gcc/i686-w64-mingw32/10-posix/:/usr/lib/gcc/i686-w64-mingw32/:/usr/lib/gcc/i686-w64-mingw32/10-posix/../../../../i686-w64-mingw32/bin/]
  ignore line: [LIBRARY_PATH=/usr/lib/gcc/i686-w64-mingw32/10-posix/:/usr/lib/gcc/i686-w64-mingw32/10-posix/../../../../i686-w64-mingw32/lib/../lib/:/usr/lib/gcc/i686-w64-mingw32/10-posix/../../../../i686-w64-mingw32/lib/]
  ignore line: [COLLECT_GCC_OPTIONS='-v' '-o' 'CMakeFiles/cmTC_3cd45.dir/CMakeCXXCompilerABI.cpp.obj' '-c' '-shared-libgcc' '-mtune=generic' '-march=pentiumpro']
  ignore line: [Linking CXX executable cmTC_3cd45.exe]
  ignore line: [/usr/bin/cmake -E cmake_link_script CMakeFiles/cmTC_3cd45.dir/link.txt --verbose=1]
  ignore line: [/usr/bin/cmake -E rm -f CMakeFiles/cmTC_3cd45.dir/objects.a]
  ignore line: [/usr/bin/i686-w64-mingw32-ar qc CMakeFiles/cmTC_3cd45.dir/objects.a @CMakeFiles/cmTC_3cd45.dir/objects1.rsp]
  ignore line: [/usr/bin/i686-w64-mingw32-g++ -static-libgcc -static-libstdc++ -L/mnt/persist/deps/win32-dev/gtk_2_0-2.14/lib -L/mnt/persist/deps/pidgin-2.13.0-win32bin -v -Wl --whole-archive CMakeFiles/cmTC_3cd45.dir/objects.a -Wl --no-whole-archive -o cmTC_3cd45.exe -Wl --out-implib libcmTC_3cd45.dll.a -Wl --major-image-version 0 --minor-image-version 0 ]
  ignore line: [Using built-in specs.]
  ignore line: [COLLECT_GCC=/usr/bin/i686-w64-mingw32-g++]
  ignore line: [COLLECT_LTO_WRAPPER=/usr/lib/gcc/i686-w64-mingw32/10-posix/lto-wrapper]
  ignore line: [Target: i686-w64-mingw32]
  ignore line: [Configured with: ../../src/configure --build=x86_64-linux-gnu --prefix=/usr --includedir='/usr/include' --mandir='/usr/share/man' --infodir='/usr/share/info' --sysconfdir=/etc --localstatedir=/var --disable-option-checking --disable-silent-rules --libdir='/usr/lib/x86_64-linux-gnu' --libexecdir='/usr/lib/x86_64-linux-gnu' --disable-maintainer-mode --disable-dependency-tracking --prefix=/usr --enable-shared --enable-static --disable-multilib --with-system-zlib --libexecdir=/usr/lib --without-included-gettext --libdir=/usr/lib --enable-libstdcxx-time=yes --with-tune=generic --with-headers --enable-version-specific-runtime-libs --enable-fully-dynamic-string --enable-libgomp --enable-languages=c,c++,fortran,objc,obj-c++,ada --enable-lto --enable-threads=posix --program-suffix=-posix --program-prefix=i686-w64-mingw32- --target=i686-w64-mingw32 --with-as=/usr/bin/i686-w64-mingw32-as --with-ld=/usr/bin/i686-w64-mingw32-ld --enable-libatomic --enable-libstdcxx-filesystem-ts=yes --enable-dependency-tracking SED=/bin/sed --disable-sjlj-exceptions --with-dwarf2]
  ignore line: [Thread model: posix]
  ignore line: [Supported LTO compression algorithms: zlib]
  ignore line: [gcc version 10-posix 20220113 (GCC) ]
  ignore line: [COMPILER_PATH=/usr/lib/gcc/i686-w64-mingw32/10-posix/:/usr/lib/gcc/i686-w64-mingw32/10-posix/:/usr/lib/gcc/i686-w64-mingw32/:/usr/lib/gcc/i686-w64-mingw32/10-posix/:/usr/lib/gcc/i686-w64-mingw32/:/usr/lib/gcc/i686-w64-mingw32/10-posix/../../../../i686-w64-mingw32/bin/]
  ignore line: [LIBRARY_PATH=/usr/lib/gcc/i686-w64-mingw32/10-posix/:/usr/lib/gcc/i686-w64-mingw32/10-posix/../../../../i686-w64-mingw32/lib/../lib/:/usr/lib/gcc/i686-w64-mingw32/10-posix/../../../../i686-w64-mingw32/lib/]
  ignore line: [COLLECT_GCC_OPTIONS='-static-libgcc' '-L/mnt/persist/deps/win32-dev/gtk_2_0-2.14/lib' '-L/mnt/persist/deps/pidgin-2.13.0-win32bin' '-v' '-o' 'cmTC_3cd45.exe' '-mtune=generic' '-march=pentiumpro']
  link line: [ /usr/lib/gcc/i686-w64-mingw32/10-posix/collect2 -plugin /usr/lib/gcc/i686-w64-mingw32/10-posix/liblto_plugin.so -plugin-opt=/usr/lib/gcc/i686-w64-mingw32/10-posix/lto-wrapper -plugin-opt=-fresolution=/tmp/ccvIad4i.res -plugin-opt=-pass-through=-lmingw32 -plugin-opt=-pass-through=-lgcc -plugin-opt=-pass-through=-lgcc_eh -plugin-opt=-pass-through=-lmoldname -plugin-opt=-pass-through=-lmingwex -plugin-opt=-pass-through=-lmsvcrt -plugin-opt=-pass-through=-lpthread -plugin-opt=-pass-through=-ladvapi32 -plugin-opt=-pass-through=-lshell32 -plugin-opt=-pass-through=-luser32 -plugin-opt=-pass-through=-lkernel32 -plugin-opt=-pass-through=-lmingw32 -plugin-opt=-pass-through=-lgcc -plugin-opt=-pass-through=-lgcc_eh -plugin-opt=-pass-through=-lmoldname -plugin-opt=-pass-through=-lmingwex -plugin-opt=-pass-through=-lmsvcrt -m i386pe -Bdynamic -o cmTC_3cd45.exe /usr/lib/gcc/i686-w64-mingw32/10-posix/../../../../i686-w64-mingw32/lib/../lib/crt2.o /usr/lib/gcc/i686-w64-mingw32/10-posix/crtbegin.o -L/mnt/persist/deps/win32-dev/gtk_2_0-2.14/lib -L/mnt/persist/deps/pidgin-2.13.0-win32bin -L/usr/lib/gcc/i686-w64-mingw32/10-posix -L/usr/lib/gcc/i686-w64-mingw32/10-posix/../../../../i686-w64-mingw32/lib/../lib -L/usr/lib/gcc/i686-w64-mingw32/10-posix/../../../../i686-w64-mingw32/lib --whole-archive CMakeFiles/cmTC_3cd45.dir/objects.a --no-whole-archive --out-implib libcmTC_3cd45.dll.a --major-image-version 0 --minor-image-version 0 -Bstatic -lstdc++ -Bdynamic -lmingw32 -lgcc -lgcc_eh -lmoldname -lmingwex -lmsvcrt -lpthread -ladvapi32 -lshell32 -luser32 -lkernel32 -lmingw32 -lgcc -lgcc_eh -lmoldname -lmingwex -lmsvcrt /usr/lib/gcc/i686-w64-mingw32/10-posix/crtend.o]
    arg [/usr/lib/gcc/i686-w64-mingw32/10-posix/collect2] ==> ignore
    arg [-plugin] ==> ignore
    arg [/usr/lib/gcc/i686-w64-mingw32/10-posix/liblto_plugin.so] ==> ignore
    arg [-plugin-opt=/usr/lib/gcc/i686-w64-mingw32/10-posix/lto-wrapper] ==> ignore
    arg [-plugin-opt=-fresolution=/tmp/ccvIad4i.res] ==> ignore
    arg [-plugin-opt=-pass-through=-lmingw32] ==> ignore
    arg [-plugin-opt=-pass-through=-lgcc] ==> ignore
    arg [-plugin-opt=-pass-through=-lgcc_eh] ==> ignore
    arg [-plugin-opt=-pass-through=-lmoldname] ==> ignore
    arg [-plugin-opt=-pass-through=-lmingwex] ==> ignore
    arg [-plugin-opt=-pass-through=-lmsvcrt] ==> ignore
    arg [-plugin-opt=-pass-through=-lpthread] ==> ignore
    arg [-plugin-opt=-pass-through=-ladvapi32] ==> ignore
    arg [-plugin-opt=-pass-through=-lshell32] ==> ignore
    arg [-plugin-opt=-pass-through=-luser32] ==> ignore
    arg [-plugin-opt=-pass-through=-lkernel32] ==> ignore
    arg [-plugin-opt=-pass-through=-lmingw32] ==> ignore
    arg [-plugin-opt=-pass-through=-lgcc] ==> ignore
    arg [-plugin-opt=-pass-through=-lgcc_eh] ==> ignore
    arg [-plugin-opt=-pass-through=-lmoldname] ==> ignore
    arg [-plugin-opt=-pass-through=-lmingwex] ==> ignore
    arg [-plugin-opt=-pass-through=-lmsvcrt] ==> ignore
    arg [-m] ==> ignore
    arg [i386pe] ==> ignore
    arg [-Bdynamic] ==> search dynamic
    arg [-o] ==> ignore
    arg [cmTC_3cd45.exe] ==> ignore
    arg [/usr/lib/gcc/i686-w64-mingw32/10-posix/../../../../i686-w64-mingw32/lib/../lib/crt2.o] ==> obj [/usr/lib/gcc/i686-w64-mingw32/10-posix/../../../../i686-w64-mingw32/lib/../lib/crt2.o]
    arg [/usr/lib/gcc/i686-w64-mingw32/10-posix/crtbegin.o] ==> obj [/usr/lib/gcc/i686-w64-mingw32/10-posix/crtbegin.o]
    arg [-L/mnt/persist/deps/win32-dev/gtk_2_0-2.14/lib] ==> dir [/mnt/persist/deps/win32-dev/gtk_2_0-2.14/lib]
    arg [-L/mnt/persist/deps/pidgin-2.13.0-win32bin] ==> dir [/mnt/persist/deps/pidgin-2.13.0-win32bin]
    arg [-L/usr/lib/gcc/i686-w64-mingw32/10-posix] ==> dir [/usr/lib/gcc/i686-w64-mingw32/10-posix]
    arg [-L/usr/lib/gcc/i686-w64-mingw32/10-posix/../../../../i686-w64-mingw32/lib/../lib] ==> dir [/usr/lib/gcc/i686-w64-mingw32/10-posix/../../../../i686-w64-mingw32/lib/../lib]
    arg [-L/usr/lib/gcc/i686-w64-mingw32/10-posix/../../../../i686-w64-mingw32/lib] ==> dir [/usr/lib/gcc/i686-w64-mingw32/10-posix/../../../../i686-w64-mingw32/lib]
    arg [--whole-archive] ==> ignore
    arg [CMakeFiles/cmTC_3cd45.dir/objects.a] ==> ignore
    arg [--no-whole-archive] ==> ignore
    arg [--out-implib] ==> ignore
    arg [libcmTC_3cd45.dll.a] ==> ignore
    arg [--major-image-version] ==> ignore
    arg [0] ==> ignore
    arg [--minor-image-version] ==> ignore
    arg [0] ==> ignore
    arg [-Bstatic] ==> search static
    arg [-lstdc++] ==> lib [SEARCH_STATIC:stdc++]
    arg [-Bdynamic] ==> search dynamic
    arg [-lmingw32] ==> lib [mingw32]
    arg [-lgcc] ==> lib [gcc]
    arg [-lgcc_eh] ==> lib [gcc_eh]
    arg [-lmoldname] ==> lib [moldname]
    arg [-lmingwex] ==> lib [mingwex]
    arg [-lmsvcrt] ==> lib [msvcrt]
    arg [-lpthread] ==> lib [pthread]
    arg [-ladvapi32] ==> lib [advapi32]
    arg [-lshell32] ==> lib [shell32]
    arg [-luser32] ==> lib [user32]
    arg [-lkernel32] ==> lib [kernel32]
    arg [-lmingw32] ==> lib [mingw32]
    arg [-lgcc] ==> lib [gcc]
    arg [-lgcc_eh] ==> lib [gcc_eh]
    arg [-lmoldname] ==> lib [moldname]
    arg [-lmingwex] ==> lib [mingwex]
    arg [-lmsvcrt] ==> lib [msvcrt]
    arg [/usr/lib/gcc/i686-w64-mingw32/10-posix/crtend.o] ==> obj [/usr/lib/gcc/i686-w64-mingw32/10-posix/crtend.o]
  search lib [SEARCH_STATIC:stdc++] ==> [/usr/lib/gcc/i686-w64-mingw32/10-posix/libstdc++.a]
  remove lib [gcc_eh]
  remove lib [msvcrt]
  remove lib [gcc_eh]
  remove lib [msvcrt]
  collapse obj [/usr/lib/gcc/i686-w64-mingw32/10-posix/../../../../i686-w64-mingw32/lib/../lib/crt2.o] ==> [/usr/i686-w64-mingw32/lib/crt2.o]
  collapse library dir [/mnt/persist/deps/win32-dev/gtk_2_0-2.14/lib] ==> [/mnt/persist/deps/win32-dev/gtk_2_0-2.14/lib]
  collapse library dir [/mnt/persist/deps/pidgin-2.13.0-win32bin] ==> [/mnt/persist/deps/pidgin-2.13.0-win32bin]
  collapse library dir [/usr/lib/gcc/i686-w64-mingw32/10-posix] ==> [/usr/lib/gcc/i686-w64-mingw32/10-posix]
  collapse library dir [/usr/lib/gcc/i686-w64-mingw32/10-posix/../../../../i686-w64-mingw32/lib/../lib] ==> [/usr/i686-w64-mingw32/lib]
  collapse library dir [/usr/lib/gcc/i686-w64-mingw32/10-posix/../../../../i686-w64-mingw32/lib] ==> [/usr/i686-w64-mingw32/lib]
  implicit libs: [/usr/lib/gcc/i686-w64-mingw32/10-posix/libstdc++.a;mingw32;gcc;moldname;mingwex;pthread;advapi32;shell32;user32;kernel32;mingw32;gcc;moldname;mingwex]
  implicit objs: [/usr/i686-w64-mingw32/lib/crt2.o;/usr/lib/gcc/i686-w64-mingw32/10-posix/crtbegin.o;/usr/lib/gcc/i686-w64-mingw32/10-posix/crtend.o]
  implicit dirs: [/mnt/persist/deps/win32-dev/gtk_2_0-2.14/lib;/mnt/persist/deps/pidgin-2.13.0-win32bin;/usr/lib/gcc/i686-w64-mingw32/10-posix;/usr/i686-w64-mingw32/lib]
  implicit fwks: []


Performing C++ SOURCE FILE Test has_std_11_flag succeeded with the following output:
Change Dir: /mnt/persist/workspace/build-windows/CMakeFiles/CMakeTmp

Run Build Command(s):/usr/bin/gmake -f Makefile cmTC_cd7b4/fast && /usr/bin/gmake  -f CMakeFiles/cmTC_cd7b4.dir/build.make CMakeFiles/cmTC_cd7b4.dir/build
gmake[1]: Entering directory '/mnt/persist/workspace/build-windows/CMakeFiles/CMakeTmp'
Building CXX object CMakeFiles/cmTC_cd7b4.dir/src.cxx.obj
/usr/bin/i686-w64-mingw32-g++ -Dhas_std_11_flag  -std=c++11 -std=gnu++11 -o CMakeFiles/cmTC_cd7b4.dir/src.cxx.obj -c /mnt/persist/workspace/build-windows/CMakeFiles/CMakeTmp/src.cxx
Linking CXX executable cmTC_cd7b4.exe
/usr/bin/cmake -E cmake_link_script CMakeFiles/cmTC_cd7b4.dir/link.txt --verbose=1
/usr/bin/cmake -E rm -f CMakeFiles/cmTC_cd7b4.dir/objects.a
/usr/bin/i686-w64-mingw32-ar qc CMakeFiles/cmTC_cd7b4.dir/objects.a @CMakeFiles/cmTC_cd7b4.dir/objects1.rsp
/usr/bin/i686-w64-mingw32-g++ -Wl,--whole-archive CMakeFiles/cmTC_cd7b4.dir/objects.a -Wl,--no-whole-archive -o cmTC_cd7b4.exe -Wl,--out-implib,libcmTC_cd7b4.dll.a -Wl,--major-image-version,0,--minor-image-version,0 @CMakeFiles/cmTC_cd7b4.dir/linklibs.rsp
gmake[1]: Leaving directory '/mnt/persist/workspace/build-windows/CMakeFiles/CMakeTmp'


Source file was:
int main() { return 0; }
Performing C++ SOURCE FILE Test has_std_0x_flag succeeded with the following output:
Change Dir: /mnt/persist/workspace/build-windows/CMakeFiles/CMakeTmp

Run Build Command(s):/usr/bin/gmake -f Makefile cmTC_4bf3b/fast && /usr/bin/gmake  -f CMakeFiles/cmTC_4bf3b.dir/build.make CMakeFiles/cmTC_4bf3b.dir/build
gmake[1]: Entering directory '/mnt/persist/workspace/build-windows/CMakeFiles/CMakeTmp'
Building CXX object CMakeFiles/cmTC_4bf3b.dir/src.cxx.obj
/usr/bin/i686-w64-mingw32-g++ -Dhas_std_0x_flag  -std=c++0x -std=gnu++11 -o CMakeFiles/cmTC_4bf3b.dir/src.cxx.obj -c /mnt/persist/workspace/build-windows/CMakeFiles/CMakeTmp/src.cxx
Linking CXX executable cmTC_4bf3b.exe
/usr/bin/cmake -E cmake_link_script CMakeFiles/cmTC_4bf3b.dir/link.txt --verbose=1
/usr/bin/cmake -E rm -f CMakeFiles/cmTC_4bf3b.dir/objects.a
/usr/bin/i686-w64-mingw32-ar qc CMakeFiles/cmTC_4bf3b.dir/objects.a @CMakeFiles/cmTC_4bf3b.dir/objects1.rsp
/usr/bin/i686-w64-mingw32-g++ -Wl,--whole-archive CMakeFiles/cmTC_4bf3b.dir/objects.a -Wl,--no-whole-archive -o cmTC_4bf3b.exe -Wl,--out-implib,libcmTC_4bf3b.dll.a -Wl,--major-image-version,0,--minor-image-version,0 @CMakeFiles/cmTC_4bf3b.dir/linklibs.rsp
gmake[1]: Leaving directory '/mnt/persist/workspace/build-windows/CMakeFiles/CMakeTmp'


Source file was:
int main() { return 0; }
Performing C++ SOURCE FILE Test SUPPORTS_USER_DEFINED_LITERALS succeeded with the following output:
Change Dir: /mnt/persist/workspace/build-windows/CMakeFiles/CMakeTmp

Run Build Command(s):/usr/bin/gmake -f Makefile cmTC_f3612/fast && /usr/bin/gmake  -f CMakeFiles/cmTC_f3612.dir/build.make CMakeFiles/cmTC_f3612.dir/build
gmake[1]: Entering directory '/mnt/persist/workspace/build-windows/CMakeFiles/CMakeTmp'
Building CXX object CMakeFiles/cmTC_f3612.dir/src.cxx.obj
/usr/bin/i686-w64-mingw32-g++ -DSUPPORTS_USER_DEFINED_LITERALS  -std=c++11 -std=gnu++11 -o CMakeFiles/cmTC_f3612.dir/src.cxx.obj -c /mnt/persist/workspace/build-windows/CMakeFiles/CMakeTmp/src.cxx
Linking CXX executable cmTC_f3612.exe
/usr/bin/cmake -E cmake_link_script CMakeFiles/cmTC_f3612.dir/link.txt --verbose=1
/usr/bin/cmake -E rm -f CMakeFiles/cmTC_f3612.dir/objects.a
/usr/bin/i686-w64-mingw32-ar qc CMakeFiles/cmTC_f3612.dir/objects.a @CMakeFiles/cmTC_f3612.dir/objects1.rsp
/usr/bin/i686-w64-mingw32-g++  -std=c++11 -Wl,--whole-archive CMakeFiles/cmTC_f3612.dir/objects.a -Wl,--no-whole-archive -o cmTC_f3612.exe -Wl,--out-implib,libcmTC_f3612.dll.a -Wl,--major-image-version,0,--minor-image-version,0 @CMakeFiles/cmTC_f3612.dir/linklibs.rsp
gmake[1]: Leaving directory '/mnt/persist/workspace/build-windows/CMakeFiles/CMakeTmp'


Source file was:

  void operator"" _udl(long double);
  int main() {}
Performing C++ SOURCE FILE Test FMT_HAS_VARIANT succeeded with the following output:
Change Dir: /mnt/persist/workspace/build-windows/CMakeFiles/CMakeTmp

Run Build Command(s):/usr/bin/gmake -f Makefile cmTC_59257/fast && /usr/bin/gmake  -f CMakeFiles/cmTC_59257.dir/build.make CMakeFiles/cmTC_59257.dir/build
gmake[1]: Entering directory '/mnt/persist/workspace/build-windows/CMakeFiles/CMakeTmp'
Building CXX object CMakeFiles/cmTC_59257.dir/src.cxx.obj
/usr/bin/i686-w64-mingw32-g++ -DFMT_HAS_VARIANT  -std=c++1z -std=gnu++11 -o CMakeFiles/cmTC_59257.dir/src.cxx.obj -c /mnt/persist/workspace/build-windows/CMakeFiles/CMakeTmp/src.cxx
Linking CXX executable cmTC_59257.exe
/usr/bin/cmake -E cmake_link_script CMakeFiles/cmTC_59257.dir/link.txt --verbose=1
/usr/bin/cmake -E rm -f CMakeFiles/cmTC_59257.dir/objects.a
/usr/bin/i686-w64-mingw32-ar qc CMakeFiles/cmTC_59257.dir/objects.a @CMakeFiles/cmTC_59257.dir/objects1.rsp
/usr/bin/i686-w64-mingw32-g++  -std=c++1z -Wl,--whole-archive CMakeFiles/cmTC_59257.dir/objects.a -Wl,--no-whole-archive -o cmTC_59257.exe -Wl,--out-implib,libcmTC_59257.dll.a -Wl,--major-image-version,0,--minor-image-version,0 @CMakeFiles/cmTC_59257.dir/linklibs.rsp
gmake[1]: Leaving directory '/mnt/persist/workspace/build-windows/CMakeFiles/CMakeTmp'


Source file was:

  #include <variant>
  int main() {}
Determining if the _strtod_l exist passed with the following output:
Change Dir: /mnt/persist/workspace/build-windows/CMakeFiles/CMakeTmp

Run Build Command(s):/usr/bin/gmake -f Makefile cmTC_bcca9/fast && /usr/bin/gmake  -f CMakeFiles/cmTC_bcca9.dir/build.make CMakeFiles/cmTC_bcca9.dir/build
gmake[1]: Entering directory '/mnt/persist/workspace/build-windows/CMakeFiles/CMakeTmp'
Building CXX object CMakeFiles/cmTC_bcca9.dir/CheckSymbolExists.cxx.obj
/usr/bin/i686-w64-mingw32-g++   -std=gnu++11 -o CMakeFiles/cmTC_bcca9.dir/CheckSymbolExists.cxx.obj -c /mnt/persist/workspace/build-windows/CMakeFiles/CMakeTmp/CheckSymbolExists.cxx
Linking CXX executable cmTC_bcca9.exe
/usr/bin/cmake -E cmake_link_script CMakeFiles/cmTC_bcca9.dir/link.txt --verbose=1
/usr/bin/cmake -E rm -f CMakeFiles/cmTC_bcca9.dir/objects.a
/usr/bin/i686-w64-mingw32-ar qc CMakeFiles/cmTC_bcca9.dir/objects.a @CMakeFiles/cmTC_bcca9.dir/objects1.rsp
/usr/bin/i686-w64-mingw32-g++ -Wl,--whole-archive CMakeFiles/cmTC_bcca9.dir/objects.a -Wl,--no-whole-archive -o cmTC_bcca9.exe -Wl,--out-implib,libcmTC_bcca9.dll.a -Wl,--major-image-version,0,--minor-image-version,0 @CMakeFiles/cmTC_bcca9.dir/linklibs.rsp
gmake[1]: Leaving directory '/mnt/persist/workspace/build-windows/CMakeFiles/CMakeTmp'


File /mnt/persist/workspace/build-windows/CMakeFiles/CMakeTmp/CheckSymbolExists.cxx:
/* */
#include <stdlib.h>

int main(int argc, char** argv)
{
  (void)argv;
#ifndef _strtod_l
  return ((int*)(&_strtod_l))[argc];
#else
  (void)argc;
  return 0;
#endif
}
Compiling the C compiler identification source file "CMakeCCompilerId.c" succeeded.
Compiler: /usr/bin/i686-w64-mingw32-gcc 
Build flags: 
Id flags:  

The output was:
0


Compilation of the C compiler identification source "CMakeCCompilerId.c" produced "a.exe"

The C compiler identification is GNU, found in "/mnt/persist/workspace/build-windows/CMakeFiles/3.22.1/CompilerIdC/a.exe"

Checking whether the ASM compiler is GNU using "--version" matched "(GNU assembler)|(GCC)|(Free Software Foundation)":
i686-w64-mingw32-gcc (GCC) 10-posix 20220113
Copyright (C) 2020 Free Software Foundation, Inc.
This is free software; see the source for copying conditions.  There is NO
warranty; not even for MERCHANTABILITY or FITNESS FOR A PARTICULAR PURPOSE.

Detecting C compiler ABI info compiled with the following output:
Change Dir: /mnt/persist/workspace/build-windows/CMakeFiles/CMakeTmp

Run Build Command(s):/usr/bin/gmake -f Makefile cmTC_3315f/fast && /usr/bin/gmake  -f CMakeFiles/cmTC_3315f.dir/build.make CMakeFiles/cmTC_3315f.dir/build
gmake[1]: Entering directory '/mnt/persist/workspace/build-windows/CMakeFiles/CMakeTmp'
Building C object CMakeFiles/cmTC_3315f.dir/CMakeCCompilerABI.c.obj
/usr/bin/i686-w64-mingw32-gcc   -v -o CMakeFiles/cmTC_3315f.dir/CMakeCCompilerABI.c.obj -c /usr/share/cmake-3.22/Modules/CMakeCCompilerABI.c
Using built-in specs.
COLLECT_GCC=/usr/bin/i686-w64-mingw32-gcc
Target: i686-w64-mingw32
Configured with: ../../src/configure --build=x86_64-linux-gnu --prefix=/usr --includedir='/usr/include' --mandir='/usr/share/man' --infodir='/usr/share/info' --sysconfdir=/etc --localstatedir=/var --disable-option-checking --disable-silent-rules --libdir='/usr/lib/x86_64-linux-gnu' --libexecdir='/usr/lib/x86_64-linux-gnu' --disable-maintainer-mode --disable-dependency-tracking --prefix=/usr --enable-shared --enable-static --disable-multilib --with-system-zlib --libexecdir=/usr/lib --without-included-gettext --libdir=/usr/lib --enable-libstdcxx-time=yes --with-tune=generic --with-headers --enable-version-specific-runtime-libs --enable-fully-dynamic-string --enable-libgomp --enable-languages=c,c++,fortran,objc,obj-c++,ada --enable-lto --enable-threads=posix --program-suffix=-posix --program-prefix=i686-w64-mingw32- --target=i686-w64-mingw32 --with-as=/usr/bin/i686-w64-mingw32-as --with-ld=/usr/bin/i686-w64-mingw32-ld --enable-libatomic --enable-libstdcxx-filesystem-ts=yes --enable-dependency-tracking SED=/bin/sed --disable-sjlj-exceptions --with-dwarf2
Thread model: posix
Supported LTO compression algorithms: zlib
gcc version 10-posix 20220113 (GCC) 
COLLECT_GCC_OPTIONS='-v' '-o' 'CMakeFiles/cmTC_3315f.dir/CMakeCCompilerABI.c.obj' '-c' '-mtune=generic' '-march=pentiumpro'
 /usr/lib/gcc/i686-w64-mingw32/10-posix/cc1 -quiet -v -D_REENTRANT /usr/share/cmake-3.22/Modules/CMakeCCompilerABI.c -quiet -dumpbase CMakeCCompilerABI.c -mtune=generic -march=pentiumpro -auxbase-strip CMakeFiles/cmTC_3315f.dir/CMakeCCompilerABI.c.obj -version -o /tmp/cchZJDOJ.s
GNU C17 (GCC) version 10-posix 20220113 (i686-w64-mingw32)
	compiled by GNU C version 10.3.0, GMP version 6.2.1, MPFR version 4.1.0, MPC version 1.2.1, isl version isl-0.24-GMP

GGC heuristics: --param ggc-min-expand=100 --param ggc-min-heapsize=131072
ignoring nonexistent directory "/usr/lib/gcc/i686-w64-mingw32/10-posix/../../../../i686-w64-mingw32/sys-include"
#include "..." search starts here:
#include <...> search starts here:
 /usr/lib/gcc/i686-w64-mingw32/10-posix/include
 /usr/lib/gcc/i686-w64-mingw32/10-posix/include-fixed
 /usr/lib/gcc/i686-w64-mingw32/10-posix/../../../../i686-w64-mingw32/include
End of search list.
GNU C17 (GCC) version 10-posix 20220113 (i686-w64-mingw32)
	compiled by GNU C version 10.3.0, GMP version 6.2.1, MPFR version 4.1.0, MPC version 1.2.1, isl version isl-0.24-GMP

GGC heuristics: --param ggc-min-expand=100 --param ggc-min-heapsize=131072
Compiler executable checksum: 25c78dfefde6c09c94137e56a8a340b4
COLLECT_GCC_OPTIONS='-v' '-o' 'CMakeFiles/cmTC_3315f.dir/CMakeCCompilerABI.c.obj' '-c' '-mtune=generic' '-march=pentiumpro'
 /usr/bin/i686-w64-mingw32-as -v -o CMakeFiles/cmTC_3315f.dir/CMakeCCompilerABI.c.obj /tmp/cchZJDOJ.s
GNU assembler version 2.38 (i686-w64-mingw32) using BFD version (GNU Binutils) 2.38
COMPILER_PATH=/usr/lib/gcc/i686-w64-mingw32/10-posix/:/usr/lib/gcc/i686-w64-mingw32/10-posix/:/usr/lib/gcc/i686-w64-mingw32/:/usr/lib/gcc/i686-w64-mingw32/10-posix/:/usr/lib/gcc/i686-w64-mingw32/:/usr/lib/gcc/i686-w64-mingw32/10-posix/../../../../i686-w64-mingw32/bin/
LIBRARY_PATH=/usr/lib/gcc/i686-w64-mingw32/10-posix/:/usr/lib/gcc/i686-w64-mingw32/10-posix/../../../../i686-w64-mingw32/lib/../lib/:/usr/lib/gcc/i686-w64-mingw32/10-posix/../../../../i686-w64-mingw32/lib/
COLLECT_GCC_OPTIONS='-v' '-o' 'CMakeFiles/cmTC_3315f.dir/CMakeCCompilerABI.c.obj' '-c' '-mtune=generic' '-march=pentiumpro'
Linking C executable cmTC_3315f.exe
/usr/bin/cmake -E cmake_link_script CMakeFiles/cmTC_3315f.dir/link.txt --verbose=1
/usr/bin/cmake -E rm -f CMakeFiles/cmTC_3315f.dir/objects.a
/usr/bin/i686-w64-mingw32-ar qc CMakeFiles/cmTC_3315f.dir/objects.a @CMakeFiles/cmTC_3315f.dir/objects1.rsp
/usr/bin/i686-w64-mingw32-gcc  -v -Wl,--whole-archive CMakeFiles/cmTC_3315f.dir/objects.a -Wl,--no-whole-archive -o cmTC_3315f.exe -Wl,--out-implib,libcmTC_3315f.dll.a -Wl,--major-image-version,0,--minor-image-version,0 
Using built-in specs.
COLLECT_GCC=/usr/bin/i686-w64-mingw32-gcc
COLLECT_LTO_WRAPPER=/usr/lib/gcc/i686-w64-mingw32/10-posix/lto-wrapper
Target: i686-w64-mingw32
Configured with: ../../src/configure --build=x86_64-linux-gnu --prefix=/usr --includedir='/usr/include' --mandir='/usr/share/man' --infodir='/usr/share/info' --sysconfdir=/etc --localstatedir=/var --disable-option-checking --disable-silent-rules --libdir='/usr/lib/x86_64-linux-gnu' --libexecdir='/usr/lib/x86_64-linux-gnu' --disable-maintainer-mode --disable-dependency-tracking --prefix=/usr --enable-shared --enable-static --disable-multilib --with-system-zlib --libexecdir=/usr/lib --without-included-gettext --libdir=/usr/lib --enable-libstdcxx-time=yes --with-tune=generic --with-headers --enable-version-specific-runtime-libs --enable-fully-dynamic-string --enable-libgomp --enable-languages=c,c++,fortran,objc,obj-c++,ada --enable-lto --enable-threads=posix --program-suffix=-posix --program-prefix=i686-w64-mingw32- --target=i686-w64-mingw32 --with-as=/usr/bin/i686-w64-mingw32-as --with-ld=/usr/bin/i686-w64-mingw32-ld --enable-libatomic --enable-libstdcxx-filesystem-ts=yes --enable-dependency-tracking SED=/bin/sed --disable-sjlj-exceptions --with-dwarf2
Thread model: posix
Supported LTO compression algorithms: zlib
gcc version 10-posix 20220113 (GCC) 
COMPILER_PATH=/usr/lib/gcc/i686-w64-mingw32/10-posix/:/usr/lib/gcc/i686-w64-mingw32/10-posix/:/usr/lib/gcc/i686-w64-mingw32/:/usr/lib/gcc/i686-w64-mingw32/10-posix/:/usr/lib/gcc/i686-w64-mingw32/:/usr/lib/gcc/i686-w64-mingw32/10-posix/../../../../i686-w64-mingw32/bin/
LIBRARY_PATH=/usr/lib/gcc/i686-w64-mingw32/10-posix/:/usr/lib/gcc/i686-w64-mingw32/10-posix/../../../../i686-w64-mingw32/lib/../lib/:/usr/lib/gcc/i686-w64-mingw32/10-posix/../../../../i686-w64-mingw32/lib/
COLLECT_GCC_OPTIONS='-v' '-o' 'cmTC_3315f.exe' '-mtune=generic' '-march=pentiumpro'
 /usr/lib/gcc/i686-w64-mingw32/10-posix/collect2 -plugin /usr/lib/gcc/i686-w64-mingw32/10-posix/liblto_plugin.so -plugin-opt=/usr/lib/gcc/i686-w64-mingw32/10-posix/lto-wrapper -plugin-opt=-fresolution=/tmp/cckv0pxR.res -plugin-opt=-pass-through=-lmingw32 -plugin-opt=-pass-through=-lgcc -plugin-opt=-pass-through=-lgcc_eh -plugin-opt=-pass-through=-lmoldname -plugin-opt=-pass-through=-lmingwex -plugin-opt=-pass-through=-lmsvcrt -plugin-opt=-pass-through=-lpthread -plugin-opt=-pass-through=-ladvapi32 -plugin-opt=-pass-through=-lshell32 -plugin-opt=-pass-through=-luser32 -plugin-opt=-pass-through=-lkernel32 -plugin-opt=-pass-through=-lmingw32 -plugin-opt=-pass-through=-lgcc -plugin-opt=-pass-through=-lgcc_eh -plugin-opt=-pass-through=-lmoldname -plugin-opt=-pass-through=-lmingwex -plugin-opt=-pass-through=-lmsvcrt -m i386pe -Bdynamic -o cmTC_3315f.exe /usr/lib/gcc/i686-w64-mingw32/10-posix/../../../../i686-w64-mingw32/lib/../lib/crt2.o /usr/lib/gcc/i686-w64-mingw32/10-posix/crtbegin.o -L/usr/lib/gcc/i686-w64-mingw32/10-posix -L/usr/lib/gcc/i686-w64-mingw32/10-posix/../../../../i686-w64-mingw32/lib/../lib -L/usr/lib/gcc/i686-w64-mingw32/10-posix/../../../../i686-w64-mingw32/lib --whole-archive CMakeFiles/cmTC_3315f.dir/objects.a --no-whole-archive --out-implib libcmTC_3315f.dll.a --major-image-version 0 --minor-image-version 0 -lmingw32 -lgcc -lgcc_eh -lmoldname -lmingwex -lmsvcrt -lpthread -ladvapi32 -lshell32 -luser32 -lkernel32 -lmingw32 -lgcc -lgcc_eh -lmoldname -lmingwex -lmsvcrt /usr/lib/gcc/i686-w64-mingw32/10-posix/crtend.o
COLLECT_GCC_OPTIONS='-v' '-o' 'cmTC_3315f.exe' '-mtune=generic' '-march=pentiumpro'
gmake[1]: Leaving directory '/mnt/persist/workspace/build-windows/CMakeFiles/CMakeTmp'



Parsed C implicit include dir info from above output: rv=done
  found start of include info
  found start of implicit include info
    add: [/usr/lib/gcc/i686-w64-mingw32/10-posix/include]
    add: [/usr/lib/gcc/i686-w64-mingw32/10-posix/include-fixed]
    add: [/usr/lib/gcc/i686-w64-mingw32/10-posix/../../../../i686-w64-mingw32/include]
  end of search list found
  collapse include dir [/usr/lib/gcc/i686-w64-mingw32/10-posix/include] ==> [/usr/lib/gcc/i686-w64-mingw32/10-posix/include]
  collapse include dir [/usr/lib/gcc/i686-w64-mingw32/10-posix/include-fixed] ==> [/usr/lib/gcc/i686-w64-mingw32/10-posix/include-fixed]
  collapse include dir [/usr/lib/gcc/i686-w64-mingw32/10-posix/../../../../i686-w64-mingw32/include] ==> [/usr/i686-w64-mingw32/include]
  implicit include dirs: [/usr/lib/gcc/i686-w64-mingw32/10-posix/include;/usr/lib/gcc/i686-w64-mingw32/10-posix/include-fixed;/usr/i686-w64-mingw32/include]


Parsed C implicit link information from above output:
  link line regex: [^( *|.*[/\])(i686-w64-mingw32-ld|CMAKE_LINK_STARTFILE-NOTFOUND|([^/\]+-)?ld|collect2)[^/\]*( |$)]
  ignore line: [Change Dir: /mnt/persist/workspace/build-windows/CMakeFiles/CMakeTmp]
  ignore line: []
  ignore line: [Run Build Command(s):/usr/bin/gmake -f Makefile cmTC_3315f/fast && /usr/bin/gmake  -f CMakeFiles/cmTC_3315f.dir/build.make CMakeFiles/cmTC_3315f.dir/build]
  ignore line: [gmake[1]: Entering directory '/mnt/persist/workspace/build-windows/CMakeFiles/CMakeTmp']
  ignore line: [Building C object CMakeFiles/cmTC_3315f.dir/CMakeCCompilerABI.c.obj]
  ignore line: [/usr/bin/i686-w64-mingw32-gcc   -v -o CMakeFiles/cmTC_3315f.dir/CMakeCCompilerABI.c.obj -c /usr/share/cmake-3.22/Modules/CMakeCCompilerABI.c]
  ignore line: [Using built-in specs.]
  ignore line: [COLLECT_GCC=/usr/bin/i686-w64-mingw32-gcc]
  ignore line: [Target: i686-w64-mingw32]
  ignore line: [Configured with: ../../src/configure --build=x86_64-linux-gnu --prefix=/usr --includedir='/usr/include' --mandir='/usr/share/man' --infodir='/usr/share/info' --sysconfdir=/etc --localstatedir=/var --disable-option-checking --disable-silent-rules --libdir='/usr/lib/x86_64-linux-gnu' --libexecdir='/usr/lib/x86_64-linux-gnu' --disable-maintainer-mode --disable-dependency-tracking --prefix=/usr --enable-shared --enable-static --disable-multilib --with-system-zlib --libexecdir=/usr/lib --without-included-gettext --libdir=/usr/lib --enable-libstdcxx-time=yes --with-tune=generic --with-headers --enable-version-specific-runtime-libs --enable-fully-dynamic-string --enable-libgomp --enable-languages=c,c++,fortran,objc,obj-c++,ada --enable-lto --enable-threads=posix --program-suffix=-posix --program-prefix=i686-w64-mingw32- --target=i686-w64-mingw32 --with-as=/usr/bin/i686-w64-mingw32-as --with-ld=/usr/bin/i686-w64-mingw32-ld --enable-libatomic --enable-libstdcxx-filesystem-ts=yes --enable-dependency-tracking SED=/bin/sed --disable-sjlj-exceptions --with-dwarf2]
  ignore line: [Thread model: posix]
  ignore line: [Supported LTO compression algorithms: zlib]
  ignore line: [gcc version 10-posix 20220113 (GCC) ]
  ignore line: [COLLECT_GCC_OPTIONS='-v' '-o' 'CMakeFiles/cmTC_3315f.dir/CMakeCCompilerABI.c.obj' '-c' '-mtune=generic' '-march=pentiumpro']
  ignore line: [ /usr/lib/gcc/i686-w64-mingw32/10-posix/cc1 -quiet -v -D_REENTRANT /usr/share/cmake-3.22/Modules/CMakeCCompilerABI.c -quiet -dumpbase CMakeCCompilerABI.c -mtune=generic -march=pentiumpro -auxbase-strip CMakeFiles/cmTC_3315f.dir/CMakeCCompilerABI.c.obj -version -o /tmp/cchZJDOJ.s]
  ignore line: [GNU C17 (GCC) version 10-posix 20220113 (i686-w64-mingw32)]
  ignore line: [	compiled by GNU C version 10.3.0  GMP version 6.2.1  MPFR version 4.1.0  MPC version 1.2.1  isl version isl-0.24-GMP]
  ignore line: []
  ignore line: [GGC heuristics: --param ggc-min-expand=100 --param ggc-min-heapsize=131072]
  ignore line: [ignoring nonexistent directory "/usr/lib/gcc/i686-w64-mingw32/10-posix/../../../../i686-w64-mingw32/sys-include"]
  ignore line: [#include "..." search starts here:]
  ignore line: [#include <...> search starts here:]
  ignore line: [ /usr/lib/gcc/i686-w64-mingw32/10-posix/include]
  ignore line: [ /usr/lib/gcc/i686-w64-mingw32/10-posix/include-fixed]
  ignore line: [ /usr/lib/gcc/i686-w64-mingw32/10-posix/../../../../i686-w64-mingw32/include]
  ignore line: [End of search list.]
  ignore line: [GNU C17 (GCC) version 10-posix 20220113 (i686-w64-mingw32)]
  ignore line: [	compiled by GNU C version 10.3.0  GMP version 6.2.1  MPFR version 4.1.0  MPC version 1.2.1  isl version isl-0.24-GMP]
  ignore line: []
  ignore line: [GGC heuristics: --param ggc-min-expand=100 --param ggc-min-heapsize=131072]
  ignore line: [Compiler executable checksum: 25c78dfefde6c09c94137e56a8a340b4]
  ignore line: [COLLECT_GCC_OPTIONS='-v' '-o' 'CMakeFiles/cmTC_3315f.dir/CMakeCCompilerABI.c.obj' '-c' '-mtune=generic' '-march=pentiumpro']
  ignore line: [ /usr/bin/i686-w64-mingw32-as -v -o CMakeFiles/cmTC_3315f.dir/CMakeCCompilerABI.c.obj /tmp/cchZJDOJ.s]
  ignore line: [GNU assembler version 2.38 (i686-w64-mingw32) using BFD version (GNU Binutils) 2.38]
  ignore line: [COMPILER_PATH=/usr/lib/gcc/i686-w64-mingw32/10-posix/:/usr/lib/gcc/i686-w64-mingw32/10-posix/:/usr/lib/gcc/i686-w64-mingw32/:/usr/lib/gcc/i686-w64-mingw32/10-posix/:/usr/lib/gcc/i686-w64-mingw32/:/usr/lib/gcc/i686-w64-mingw32/10-posix/../../../../i686-w64-mingw32/bin/]
  ignore line: [LIBRARY_PATH=/usr/lib/gcc/i686-w64-mingw32/10-posix/:/usr/lib/gcc/i686-w64-mingw32/10-posix/../../../../i686-w64-mingw32/lib/../lib/:/usr/lib/gcc/i686-w64-mingw32/10-posix/../../../../i686-w64-mingw32/lib/]
  ignore line: [COLLECT_GCC_OPTIONS='-v' '-o' 'CMakeFiles/cmTC_3315f.dir/CMakeCCompilerABI.c.obj' '-c' '-mtune=generic' '-march=pentiumpro']
  ignore line: [Linking C executable cmTC_3315f.exe]
  ignore line: [/usr/bin/cmake -E cmake_link_script CMakeFiles/cmTC_3315f.dir/link.txt --verbose=1]
  ignore line: [/usr/bin/cmake -E rm -f CMakeFiles/cmTC_3315f.dir/objects.a]
  ignore line: [/usr/bin/i686-w64-mingw32-ar qc CMakeFiles/cmTC_3315f.dir/objects.a @CMakeFiles/cmTC_3315f.dir/objects1.rsp]
  ignore line: [/usr/bin/i686-w64-mingw32-gcc  -v -Wl --whole-archive CMakeFiles/cmTC_3315f.dir/objects.a -Wl --no-whole-archive -o cmTC_3315f.exe -Wl --out-implib libcmTC_3315f.dll.a -Wl --major-image-version 0 --minor-image-version 0 ]
  ignore line: [Using built-in specs.]
  ignore line: [COLLECT_GCC=/usr/bin/i686-w64-mingw32-gcc]
  ignore line: [COLLECT_LTO_WRAPPER=/usr/lib/gcc/i686-w64-mingw32/10-posix/lto-wrapper]
  ignore line: [Target: i686-w64-mingw32]
  ignore line: [Configured with: ../../src/configure --build=x86_64-linux-gnu --prefix=/usr --includedir='/usr/include' --mandir='/usr/share/man' --infodir='/usr/share/info' --sysconfdir=/etc --localstatedir=/var --disable-option-checking --disable-silent-rules --libdir='/usr/lib/x86_64-linux-gnu' --libexecdir='/usr/lib/x86_64-linux-gnu' --disable-maintainer-mode --disable-dependency-tracking --prefix=/usr --enable-shared --enable-static --disable-multilib --with-system-zlib --libexecdir=/usr/lib --without-included-gettext --libdir=/usr/lib --enable-libstdcxx-time=yes --with-tune=generic --with-headers --enable-version-specific-runtime-libs --enable-fully-dynamic-string --enable-libgomp --enable-languages=c,c++,fortran,objc,obj-c++,ada --enable-lto --enable-threads=posix --program-suffix=-posix --program-prefix=i686-w64-mingw32- --target=i686-w64-mingw32 --with-as=/usr/bin/i686-w64-mingw32-as --with-ld=/usr/bin/i686-w64-mingw32-ld --enable-libatomic --enable-libstdcxx-filesystem-ts=yes --enable-dependency-tracking SED=/bin/sed --disable-sjlj-exceptions --with-dwarf2]
  ignore line: [Thread model: posix]
  ignore line: [Supported LTO compression algorithms: zlib]
  ignore line: [gcc version 10-posix 20220113 (GCC) ]
  ignore line: [COMPILER_PATH=/usr/lib/gcc/i686-w64-mingw32/10-posix/:/usr/lib/gcc/i686-w64-mingw32/10-posix/:/usr/lib/gcc/i686-w64-mingw32/:/usr/lib/gcc/i686-w64-mingw32/10-posix/:/usr/lib/gcc/i686-w64-mingw32/:/usr/lib/gcc/i686-w64-mingw32/10-posix/../../../../i686-w64-mingw32/bin/]
  ignore line: [LIBRARY_PATH=/usr/lib/gcc/i686-w64-mingw32/10-posix/:/usr/lib/gcc/i686-w64-mingw32/10-posix/../../../../i686-w64-mingw32/lib/../lib/:/usr/lib/gcc/i686-w64-mingw32/10-posix/../../../../i686-w64-mingw32/lib/]
  ignore line: [COLLECT_GCC_OPTIONS='-v' '-o' 'cmTC_3315f.exe' '-mtune=generic' '-march=pentiumpro']
  link line: [ /usr/lib/gcc/i686-w64-mingw32/10-posix/collect2 -plugin /usr/lib/gcc/i686-w64-mingw32/10-posix/liblto_plugin.so -plugin-opt=/usr/lib/gcc/i686-w64-mingw32/10-posix/lto-wrapper -plugin-opt=-fresolution=/tmp/cckv0pxR.res -plugin-opt=-pass-through=-lmingw32 -plugin-opt=-pass-through=-lgcc -plugin-opt=-pass-through=-lgcc_eh -plugin-opt=-pass-through=-lmoldname -plugin-opt=-pass-through=-lmingwex -plugin-opt=-pass-through=-lmsvcrt -plugin-opt=-pass-through=-lpthread -plugin-opt=-pass-through=-ladvapi32 -plugin-opt=-pass-through=-lshell32 -plugin-opt=-pass-through=-luser32 -plugin-opt=-pass-through=-lkernel32 -plugin-opt=-pass-through=-lmingw32 -plugin-opt=-pass-through=-lgcc -plugin-opt=-pass-through=-lgcc_eh -plugin-opt=-pass-through=-lmoldname -plugin-opt=-pass-through=-lmingwex -plugin-opt=-pass-through=-lmsvcrt -m i386pe -Bdynamic -o cmTC_3315f.exe /usr/lib/gcc/i686-w64-mingw32/10-posix/../../../../i686-w64-mingw32/lib/../lib/crt2.o /usr/lib/gcc/i686-w64-mingw32/10-posix/crtbegin.o -L/usr/lib/gcc/i686-w64-mingw32/10-posix -L/usr/lib/gcc/i686-w64-mingw32/10-posix/../../../../i686-w64-mingw32/lib/../lib -L/usr/lib/gcc/i686-w64-mingw32/10-posix/../../../../i686-w64-mingw32/lib --whole-archive CMakeFiles/cmTC_3315f.dir/objects.a --no-whole-archive --out-implib libcmTC_3315f.dll.a --major-image-version 0 --minor-image-version 0 -lmingw32 -lgcc -lgcc_eh -lmoldname -lmingwex -lmsvcrt -lpthread -ladvapi32 -lshell32 -luser32 -lkernel32 -lmingw32 -lgcc -lgcc_eh -lmoldname -lmingwex -lmsvcrt /usr/lib/gcc/i686-w64-mingw32/10-posix/crtend.o]
    arg [/usr/lib/gcc/i686-w64-mingw32/10-posix/collect2] ==> ignore
    arg [-plugin] ==> ignore
    arg [/usr/lib/gcc/i686-w64-mingw32/10-posix/liblto_plugin.so] ==> ignore
    arg [-plugin-opt=/usr/lib/gcc/i686-w64-mingw32/10-posix/lto-wrapper] ==> ignore
    arg [-plugin-opt=-fresolution=/tmp/cckv0pxR.res] ==> ignore
    arg [-plugin-opt=-pass-through=-lmingw32] ==> ignore
    arg [-plugin-opt=-pass-through=-lgcc] ==> ignore
    arg [-plugin-opt=-pass-through=-lgcc_eh] ==> ignore
    arg [-plugin-opt=-pass-through=-lmoldname] ==> ignore
    arg [-plugin-opt=-pass-through=-lmingwex] ==> ignore
    arg [-plugin-opt=-pass-through=-lmsvcrt] ==> ignore
    arg [-plugin-opt=-pass-through=-lpthread] ==> ignore
    arg [-plugin-opt=-pass-through=-ladvapi32] ==> ignore
    arg [-plugin-opt=-pass-through=-lshell32] ==> ignore
    arg [-plugin-opt=-pass-through=-luser32] ==> ignore
    arg [-plugin-opt=-pass-through=-lkernel32] ==> ignore
    arg [-plugin-opt=-pass-through=-lmingw32] ==> ignore
    arg [-plugin-opt=-pass-through=-lgcc] ==> ignore
    arg [-plugin-opt=-pass-through=-lgcc_eh] ==> ignore
    arg [-plugin-opt=-pass-through=-lmoldname] ==> ignore
    arg [-plugin-opt=-pass-through=-lmingwex] ==> ignore
    arg [-plugin-opt=-pass-through=-lmsvcrt] ==> ignore
    arg [-m] ==> ignore
    arg [i386pe] ==> ignore
    arg [-Bdynamic] ==> search dynamic
    arg [-o] ==> ignore
    arg [cmTC_3315f.exe] ==> ignore
    arg [/usr/lib/gcc/i686-w64-mingw32/10-posix/../../../../i686-w64-mingw32/lib/../lib/crt2.o] ==> obj [/usr/lib/gcc/i686-w64-mingw32/10-posix/../../../../i686-w64-mingw32/lib/../lib/crt2.o]
    arg [/usr/lib/gcc/i686-w64-mingw32/10-posix/crtbegin.o] ==> obj [/usr/lib/gcc/i686-w64-mingw32/10-posix/crtbegin.o]
    arg [-L/usr/lib/gcc/i686-w64-mingw32/10-posix] ==> dir [/usr/lib/gcc/i686-w64-mingw32/10-posix]
    arg [-L/usr/lib/gcc/i686-w64-mingw32/10-posix/../../../../i686-w64-mingw32/lib/../lib] ==> dir [/usr/lib/gcc/i686-w64-mingw32/10-posix/../../../../i686-w64-mingw32/lib/../lib]
    arg [-L/usr/lib/gcc/i686-w64-mingw32/10-posix/../../../../i686-w64-mingw32/lib] ==> dir [/usr/lib/gcc/i686-w64-mingw32/10-posix/../../../../i686-w64-mingw32/lib]
    arg [--whole-archive] ==> ignore
    arg [CMakeFiles/cmTC_3315f.dir/objects.a] ==> ignore
    arg [--no-whole-archive] ==> ignore
    arg [--out-implib] ==> ignore
    arg [libcmTC_3315f.dll.a] ==> ignore
    arg [--major-image-version] ==> ignore
    arg [0] ==> ignore
    arg [--minor-image-version] ==> ignore
    arg [0] ==> ignore
    arg [-lmingw32] ==> lib [mingw32]
    arg [-lgcc] ==> lib [gcc]
    arg [-lgcc_eh] ==> lib [gcc_eh]
    arg [-lmoldname] ==> lib [moldname]
    arg [-lmingwex] ==> lib [mingwex]
    arg [-lmsvcrt] ==> lib [msvcrt]
    arg [-lpthread] ==> lib [pthread]
    arg [-ladvapi32] ==> lib [advapi32]
    arg [-lshell32] ==> lib [shell32]
    arg [-luser32] ==> lib [user32]
    arg [-lkernel32] ==> lib [kernel32]
    arg [-lmingw32] ==> lib [mingw32]
    arg [-lgcc] ==> lib [gcc]
    arg [-lgcc_eh] ==> lib [gcc_eh]
    arg [-lmoldname] ==> lib [moldname]
    arg [-lmingwex] ==> lib [mingwex]
    arg [-lmsvcrt] ==> lib [msvcrt]
    arg [/usr/lib/gcc/i686-w64-mingw32/10-posix/crtend.o] ==> obj [/usr/lib/gcc/i686-w64-mingw32/10-posix/crtend.o]
  remove lib [gcc_eh]
  remove lib [msvcrt]
  remove lib [gcc_eh]
  remove lib [msvcrt]
  collapse obj [/usr/lib/gcc/i686-w64-mingw32/10-posix/../../../../i686-w64-mingw32/lib/../lib/crt2.o] ==> [/usr/i686-w64-mingw32/lib/crt2.o]
  collapse library dir [/usr/lib/gcc/i686-w64-mingw32/10-posix] ==> [/usr/lib/gcc/i686-w64-mingw32/10-posix]
  collapse library dir [/usr/lib/gcc/i686-w64-mingw32/10-posix/../../../../i686-w64-mingw32/lib/../lib] ==> [/usr/i686-w64-mingw32/lib]
  collapse library dir [/usr/lib/gcc/i686-w64-mingw32/10-posix/../../../../i686-w64-mingw32/lib] ==> [/usr/i686-w64-mingw32/lib]
  implicit libs: [mingw32;gcc;moldname;mingwex;pthread;advapi32;shell32;user32;kernel32;mingw32;gcc;moldname;mingwex]
  implicit objs: [/usr/i686-w64-mingw32/lib/crt2.o;/usr/lib/gcc/i686-w64-mingw32/10-posix/crtbegin.o;/usr/lib/gcc/i686-w64-mingw32/10-posix/crtend.o]
  implicit dirs: [/usr/lib/gcc/i686-w64-mingw32/10-posix;/usr/i686-w64-mingw32/lib]
  implicit fwks: []


Determining if the include file pthread.h exists passed with the following output:
Change Dir: /mnt/persist/workspace/build-windows/CMakeFiles/CMakeTmp

Run Build Command(s):/usr/bin/gmake -f Makefile cmTC_48dee/fast && /usr/bin/gmake  -f CMakeFiles/cmTC_48dee.dir/build.make CMakeFiles/cmTC_48dee.dir/build
gmake[1]: Entering directory '/mnt/persist/workspace/build-windows/CMakeFiles/CMakeTmp'
Building C object CMakeFiles/cmTC_48dee.dir/CheckIncludeFile.c.obj
/usr/bin/i686-w64-mingw32-gcc    -o CMakeFiles/cmTC_48dee.dir/CheckIncludeFile.c.obj -c /mnt/persist/workspace/build-windows/CMakeFiles/CMakeTmp/CheckIncludeFile.c
Linking C executable cmTC_48dee.exe
/usr/bin/cmake -E cmake_link_script CMakeFiles/cmTC_48dee.dir/link.txt --verbose=1
/usr/bin/cmake -E rm -f CMakeFiles/cmTC_48dee.dir/objects.a
/usr/bin/i686-w64-mingw32-ar qc CMakeFiles/cmTC_48dee.dir/objects.a @CMakeFiles/cmTC_48dee.dir/objects1.rsp
/usr/bin/i686-w64-mingw32-gcc -Wl,--whole-archive CMakeFiles/cmTC_48dee.dir/objects.a -Wl,--no-whole-archive -o cmTC_48dee.exe -Wl,--out-implib,libcmTC_48dee.dll.a -Wl,--major-image-version,0,--minor-image-version,0 @CMakeFiles/cmTC_48dee.dir/linklibs.rsp
gmake[1]: Leaving directory '/mnt/persist/workspace/build-windows/CMakeFiles/CMakeTmp'



Performing C SOURCE FILE Test CMAKE_HAVE_LIBC_PTHREAD succeeded with the following output:
Change Dir: /mnt/persist/workspace/build-windows/CMakeFiles/CMakeTmp

Run Build Command(s):/usr/bin/gmake -f Makefile cmTC_80037/fast && /usr/bin/gmake  -f CMakeFiles/cmTC_80037.dir/build.make CMakeFiles/cmTC_80037.dir/build
gmake[1]: Entering directory '/mnt/persist/workspace/build-windows/CMakeFiles/CMakeTmp'
Building C object CMakeFiles/cmTC_80037.dir/src.c.obj
/usr/bin/i686-w64-mingw32-gcc -DCMAKE_HAVE_LIBC_PTHREAD   -o CMakeFiles/cmTC_80037.dir/src.c.obj -c /mnt/persist/workspace/build-windows/CMakeFiles/CMakeTmp/src.c
Linking C executable cmTC_80037.exe
/usr/bin/cmake -E cmake_link_script CMakeFiles/cmTC_80037.dir/link.txt --verbose=1
/usr/bin/cmake -E rm -f CMakeFiles/cmTC_80037.dir/objects.a
/usr/bin/i686-w64-mingw32-ar qc CMakeFiles/cmTC_80037.dir/objects.a @CMakeFiles/cmTC_80037.dir/objects1.rsp
/usr/bin/i686-w64-mingw32-gcc -Wl,--whole-archive CMakeFiles/cmTC_80037.dir/objects.a -Wl,--no-whole-archive -o cmTC_80037.exe -Wl,--out-implib,libcmTC_80037.dll.a -Wl,--major-image-version,0,--minor-image-version,0 @CMakeFiles/cmTC_80037.dir/linklibs.rsp
gmake[1]: Leaving directory '/mnt/persist/workspace/build-windows/CMakeFiles/CMakeTmp'


Source file was:
#include <pthread.h>

static void* test_func(void* data)
{
  return data;
}

int main(void)
{
  pthread_t thread;
  pthread_create(&thread, NULL, test_func, NULL);
  pthread_detach(thread);
  pthread_cancel(thread);
  pthread_join(thread, NULL);
  pthread_atfork(NULL, NULL, NULL);
  pthread_exit(NULL);

  return 0;
}

